INSTRUMENTATION_STATUS: class=me.grey.picquery.feature.MobileCLIP2InstrumentedTest
INSTRUMENTATION_STATUS: current=1
INSTRUMENTATION_STATUS: id=AndroidJUnitRunner
INSTRUMENTATION_STATUS: numtests=5
INSTRUMENTATION_STATUS: stream=
me.grey.picquery.feature.MobileCLIP2InstrumentedTest:
INSTRUMENTATION_STATUS: test=packagedModelsMatchOfficialReferenceAndWriteDeviceReport
INSTRUMENTATION_STATUS_CODE: 1
INSTRUMENTATION_STATUS: class=me.grey.picquery.feature.MobileCLIP2InstrumentedTest
INSTRUMENTATION_STATUS: current=1
INSTRUMENTATION_STATUS: id=AndroidJUnitRunner
INSTRUMENTATION_STATUS: numtests=5
INSTRUMENTATION_STATUS: stream=.
INSTRUMENTATION_STATUS: test=packagedModelsMatchOfficialReferenceAndWriteDeviceReport
INSTRUMENTATION_STATUS_CODE: 0
INSTRUMENTATION_STATUS: class=me.grey.picquery.feature.MobileCLIP2PreprocessorTest
INSTRUMENTATION_STATUS: current=2
INSTRUMENTATION_STATUS: id=AndroidJUnitRunner
INSTRUMENTATION_STATUS: numtests=5
INSTRUMENTATION_STATUS: stream=
me.grey.picquery.feature.MobileCLIP2PreprocessorTest:
INSTRUMENTATION_STATUS: test=preservesRgbNchwAndTiesToEvenCrop
INSTRUMENTATION_STATUS_CODE: 1
INSTRUMENTATION_STATUS: class=me.grey.picquery.feature.MobileCLIP2PreprocessorTest
INSTRUMENTATION_STATUS: current=2
INSTRUMENTATION_STATUS: id=AndroidJUnitRunner
INSTRUMENTATION_STATUS: numtests=5
INSTRUMENTATION_STATUS: stream=.
INSTRUMENTATION_STATUS: test=preservesRgbNchwAndTiesToEvenCrop
INSTRUMENTATION_STATUS_CODE: 0
INSTRUMENTATION_STATUS: class=me.grey.picquery.feature.MobileCLIP2PreprocessorTest
INSTRUMENTATION_STATUS: current=3
INSTRUMENTATION_STATUS: id=AndroidJUnitRunner
INSTRUMENTATION_STATUS: numtests=5
INSTRUMENTATION_STATUS: stream=
INSTRUMENTATION_STATUS: test=recordsStandalonePreprocessingCost
INSTRUMENTATION_STATUS_CODE: 1
INSTRUMENTATION_STATUS: class=me.grey.picquery.feature.MobileCLIP2PreprocessorTest
INSTRUMENTATION_STATUS: current=3
INSTRUMENTATION_STATUS: id=AndroidJUnitRunner
INSTRUMENTATION_STATUS: numtests=5
INSTRUMENTATION_STATUS: stream=.
INSTRUMENTATION_STATUS: test=recordsStandalonePreprocessingCost
INSTRUMENTATION_STATUS_CODE: 0
INSTRUMENTATION_STATUS: class=me.grey.picquery.feature.MobileCLIP2PreprocessorTest
INSTRUMENTATION_STATUS: current=4
INSTRUMENTATION_STATUS: id=AndroidJUnitRunner
INSTRUMENTATION_STATUS: numtests=5
INSTRUMENTATION_STATUS: stream=
INSTRUMENTATION_STATUS: test=retainsIndependentOutputsAndBatchOrder
INSTRUMENTATION_STATUS_CODE: 1
INSTRUMENTATION_STATUS: class=me.grey.picquery.feature.MobileCLIP2PreprocessorTest
INSTRUMENTATION_STATUS: current=4
INSTRUMENTATION_STATUS: id=AndroidJUnitRunner
INSTRUMENTATION_STATUS: numtests=5
INSTRUMENTATION_STATUS: stream=.
INSTRUMENTATION_STATUS: test=retainsIndependentOutputsAndBatchOrder
INSTRUMENTATION_STATUS_CODE: 0
INSTRUMENTATION_STATUS: class=me.grey.picquery.feature.MobileCLIP2PreprocessorTest
INSTRUMENTATION_STATUS: current=5
INSTRUMENTATION_STATUS: id=AndroidJUnitRunner
INSTRUMENTATION_STATUS: numtests=5
INSTRUMENTATION_STATUS: stream=
INSTRUMENTATION_STATUS: test=sharedPreprocessorIsSafeForConcurrentCallers
INSTRUMENTATION_STATUS_CODE: 1
INSTRUMENTATION_STATUS: class=me.grey.picquery.feature.MobileCLIP2PreprocessorTest
INSTRUMENTATION_STATUS: current=5
INSTRUMENTATION_STATUS: id=AndroidJUnitRunner
INSTRUMENTATION_STATUS: numtests=5
INSTRUMENTATION_STATUS: stream=.
INSTRUMENTATION_STATUS: test=sharedPreprocessorIsSafeForConcurrentCallers
INSTRUMENTATION_STATUS_CODE: 0
INSTRUMENTATION_RESULT: stream=

Time: 4.939

OK (5 tests)


INSTRUMENTATION_CODE: -1
