Picked up JAVA_TOOL_OPTIONS: -Djava.io.tmpdir=F:/github/PicQuery/PicQuery/build/java-tmp
Starting a Gradle Daemon, 1 busy Daemon could not be reused, use --status for details
Type-safe project accessors is an incubating feature.
> Task :app:loadKtlintReporters UP-TO-DATE
> Task :app:runKtlintCheckOverAndroidTestDebugSourceSet NO-SOURCE
> Task :app:runKtlintCheckOverAndroidTestOnnxDebugSourceSet NO-SOURCE
> Task :app:runKtlintCheckOverAndroidTestOnnxSourceSet NO-SOURCE
> Task :app:runKtlintCheckOverAndroidTestReleaseSourceSet NO-SOURCE
> Task :app:runKtlintCheckOverAndroidTestTfliteDebugSourceSet NO-SOURCE
> Task :app:runKtlintCheckOverAndroidTestTfliteSourceSet NO-SOURCE
> Task :app:runKtlintCheckOverDebugSourceSet NO-SOURCE
> Task :app:runKtlintCheckOverOnnxDebugSourceSet NO-SOURCE
> Task :app:runKtlintCheckOverOnnxReleaseSourceSet NO-SOURCE
> Task :app:runKtlintCheckOverOnnxSourceSet NO-SOURCE
> Task :app:runKtlintCheckOverReleaseSourceSet NO-SOURCE
> Task :app:runKtlintCheckOverTestDebugSourceSet NO-SOURCE
> Task :app:runKtlintCheckOverTestFixturesDebugSourceSet NO-SOURCE
> Task :app:runKtlintCheckOverTestFixturesOnnxSourceSet NO-SOURCE
> Task :app:runKtlintCheckOverTestFixturesReleaseSourceSet NO-SOURCE
> Task :app:runKtlintCheckOverTestFixturesSourceSet NO-SOURCE
> Task :app:runKtlintCheckOverTestFixturesTfliteSourceSet NO-SOURCE
> Task :app:runKtlintCheckOverTestOnnxDebugSourceSet NO-SOURCE
> Task :app:runKtlintCheckOverTestOnnxSourceSet NO-SOURCE
> Task :app:runKtlintCheckOverTestReleaseSourceSet NO-SOURCE
> Task :app:runKtlintCheckOverKotlinScripts
> Task :app:runKtlintCheckOverTestTfliteDebugSourceSet NO-SOURCE
> Task :app:runKtlintCheckOverTestTfliteSourceSet NO-SOURCE
> Task :app:runKtlintCheckOverTfliteDebugSourceSet NO-SOURCE
> Task :app:runKtlintCheckOverTfliteReleaseSourceSet NO-SOURCE
> Task :app:runKtlintCheckOverTfliteSourceSet NO-SOURCE
> Task :app:objectboxPrepareBuild UP-TO-DATE
> Task :app:preBuild UP-TO-DATE
> Task :app:preOnnxDebugBuild UP-TO-DATE
> Task :app:generateOnnxDebugBuildConfig UP-TO-DATE
> Task :app:generateOnnxDebugResources UP-TO-DATE
> Task :app:packageOnnxDebugResources UP-TO-DATE
> Task :app:runKtlintCheckOverTestSourceSet
> Task :app:runKtlintCheckOverAndroidTestSourceSet
> Task :app:processOnnxDebugNavigationResources UP-TO-DATE
> Task :app:parseOnnxDebugLocalResources UP-TO-DATE
> Task :app:generateOnnxDebugRFile UP-TO-DATE
> Task :app:kspOnnxDebugKotlin UP-TO-DATE
> Task :app:runKtlintCheckOverMainSourceSet
> Task :app:kaptGenerateStubsOnnxDebugKotlin UP-TO-DATE
> Task :app:kaptOnnxDebugKotlin UP-TO-DATE

> Task :app:ktlintGenerateBaseline
Baseline was successfully generated into: F:\github\PicQuery\PicQuery\app\config\ktlint\baseline.xml

> Task :app:compileOnnxDebugKotlin UP-TO-DATE
> Task :app:javaPreCompileOnnxDebug UP-TO-DATE
> Task :app:compileOnnxDebugJavaWithJavac UP-TO-DATE
> Task :app:checkOnnxDebugAarMetadata UP-TO-DATE
> Task :app:mapOnnxDebugSourceSetPaths UP-TO-DATE
> Task :app:compileOnnxDebugNavigationResources UP-TO-DATE
> Task :app:mergeOnnxDebugResources UP-TO-DATE
> Task :app:createOnnxDebugCompatibleScreenManifests UP-TO-DATE
> Task :app:extractDeepLinksOnnxDebug UP-TO-DATE
> Task :app:processOnnxDebugMainManifest UP-TO-DATE
> Task :app:processOnnxDebugManifest UP-TO-DATE
> Task :app:processOnnxDebugManifestForPackage UP-TO-DATE
> Task :app:processOnnxDebugResources UP-TO-DATE
> Task :app:bundleOnnxDebugClassesToCompileJar FAILED

[Incubating] Problems report is available at: file:///F:/github/PicQuery/PicQuery/build/reports/problems/problems-report.html

FAILURE: Build failed with an exception.

* What went wrong:
Execution failed for task ':app:bundleOnnxDebugClassesToCompileJar' (registered by plugin 'com.android.internal.application').
> Unable to delete file 'F:\github\PicQuery\PicQuery\app\build\intermediates\compile_app_classes_jar\onnxDebug\bundleOnnxDebugClassesToCompileJar\classes.jar'

* Try:
> Run with --stacktrace option to get the stack trace.
> Run with --info or --debug option to get more log output.
> Run with --scan to get full insights from a Build Scan (powered by Develocity).
> Get more help at https://help.gradle.org.

Deprecated Gradle features were used in this build, making it incompatible with Gradle 10.

You can use '--warning-mode all' to show the individual deprecation warnings and determine if they come from your own scripts or plugins.

For more on this, please refer to https://docs.gradle.org/9.6.0/userguide/command_line_interface.html#sec:command_line_warnings in the Gradle documentation.

BUILD FAILED in 17s
30 actionable tasks: 6 executed, 24 up-to-date
