START v2_s0_onnx_int8-r1, sustain 60s
PASS v2_s0_onnx_int8-r1: image P50 71.37 ms, text P50 20.13 ms
Cooling for 30 seconds before v2_s0_tflite_int8 / round 1
START v2_s0_tflite_int8-r1, sustain 60s
PASS v2_s0_tflite_int8-r1: image P50 323.58 ms, text P50 42.95 ms
Cooling for 30 seconds before v1_s0_onnx_int8 / round 1
START v1_s0_onnx_int8-r1, sustain 60s
PASS v1_s0_onnx_int8-r1: image P50 76.49 ms, text P50 14.95 ms
Cooling for 30 seconds before v1_s2_onnx_int8 / round 1
START v1_s2_onnx_int8-r1, sustain 60s
PASS v1_s2_onnx_int8-r1: image P50 228.26 ms, text P50 31.11 ms
Cooling for 30 seconds before legacy_clip_int8 / round 1
START legacy_clip_int8-r1, sustain 60s
PASS legacy_clip_int8-r1: image P50 28.52 ms, text P50 23.93 ms
Cooling for 30 seconds before legacy_clip_int8 / round 2
START legacy_clip_int8-r2, sustain 0s
PASS legacy_clip_int8-r2: image P50 28.47 ms, text P50 25.57 ms
Cooling for 30 seconds before v1_s2_onnx_int8 / round 2
START v1_s2_onnx_int8-r2, sustain 0s
PASS v1_s2_onnx_int8-r2: image P50 228.08 ms, text P50 28.37 ms
Cooling for 30 seconds before v1_s0_onnx_int8 / round 2
START v1_s0_onnx_int8-r2, sustain 0s
PASS v1_s0_onnx_int8-r2: image P50 77.37 ms, text P50 15.38 ms
Cooling for 30 seconds before v2_s0_tflite_int8 / round 2
START v2_s0_tflite_int8-r2, sustain 0s
PASS v2_s0_tflite_int8-r2: image P50 309.34 ms, text P50 41.41 ms
Cooling for 30 seconds before v2_s0_onnx_int8 / round 2
START v2_s0_onnx_int8-r2, sustain 0s
PASS v2_s0_onnx_int8-r2: image P50 74.92 ms, text P50 21.39 ms
COMPLETE: 10 model runs saved to script/model-MobileCLIP2/results/pixel8a-speed
