Picked up JAVA_TOOL_OPTIONS: -Djava.io.tmpdir=F:\github\PicQuery\PicQuery\build\java-tmp
Type-safe project accessors is an incubating feature.
> Task :app:objectboxPrepareBuild UP-TO-DATE
> Task :app:preBuild UP-TO-DATE
> Task :app:preOnnxDebugBuild UP-TO-DATE
> Task :app:generateOnnxDebugBuildConfig UP-TO-DATE
> Task :app:generateOnnxDebugResources UP-TO-DATE
> Task :app:packageOnnxDebugResources UP-TO-DATE
> Task :app:processOnnxDebugNavigationResources UP-TO-DATE
> Task :app:parseOnnxDebugLocalResources UP-TO-DATE
> Task :app:generateOnnxDebugRFile UP-TO-DATE
> Task :app:javaPreCompileOnnxDebug UP-TO-DATE
> Task :app:checkOnnxDebugAarMetadata UP-TO-DATE
> Task :app:mapOnnxDebugSourceSetPaths UP-TO-DATE
> Task :app:compileOnnxDebugNavigationResources UP-TO-DATE
> Task :app:mergeOnnxDebugResources UP-TO-DATE
> Task :app:createOnnxDebugCompatibleScreenManifests UP-TO-DATE
> Task :app:extractDeepLinksOnnxDebug UP-TO-DATE
> Task :app:processOnnxDebugMainManifest UP-TO-DATE
> Task :app:processOnnxDebugManifest UP-TO-DATE
> Task :app:processOnnxDebugManifestForPackage UP-TO-DATE
> Task :app:processOnnxDebugResources UP-TO-DATE
> Task :app:preOnnxDebugUnitTestBuild UP-TO-DATE
> Task :app:javaPreCompileOnnxDebugUnitTest UP-TO-DATE
> Task :app:preTfliteDebugBuild UP-TO-DATE
> Task :app:generateTfliteDebugBuildConfig UP-TO-DATE
> Task :app:generateTfliteDebugResources UP-TO-DATE
> Task :app:packageTfliteDebugResources UP-TO-DATE
> Task :app:processTfliteDebugNavigationResources UP-TO-DATE
> Task :app:parseTfliteDebugLocalResources UP-TO-DATE
> Task :app:generateTfliteDebugRFile UP-TO-DATE
> Task :app:javaPreCompileTfliteDebug UP-TO-DATE
> Task :app:checkTfliteDebugAarMetadata UP-TO-DATE
> Task :app:mapTfliteDebugSourceSetPaths UP-TO-DATE
> Task :app:compileTfliteDebugNavigationResources UP-TO-DATE
> Task :app:mergeTfliteDebugResources UP-TO-DATE
> Task :app:createTfliteDebugCompatibleScreenManifests UP-TO-DATE
> Task :app:extractDeepLinksTfliteDebug UP-TO-DATE
> Task :app:processTfliteDebugMainManifest UP-TO-DATE
> Task :app:processTfliteDebugManifest UP-TO-DATE
> Task :app:processTfliteDebugManifestForPackage UP-TO-DATE
> Task :app:processTfliteDebugResources UP-TO-DATE
> Task :app:preTfliteDebugUnitTestBuild UP-TO-DATE
> Task :app:javaPreCompileTfliteDebugUnitTest UP-TO-DATE
> Task :app:mergeOnnxDebugNativeDebugMetadata NO-SOURCE
> Task :app:generateOnnxDebugAssets UP-TO-DATE
> Task :app:stageOnnxDebugMobileClipAssets
> Task :app:mergeOnnxDebugAssets UP-TO-DATE
> Task :app:compressOnnxDebugAssets UP-TO-DATE
> Task :app:generateOnnxDebugGlobalSynthetics UP-TO-DATE
> Task :app:checkOnnxDebugDuplicateClasses UP-TO-DATE
> Task :app:desugarOnnxDebugFileDependencies UP-TO-DATE
> Task :app:mergeExtDexOnnxDebug UP-TO-DATE
> Task :app:mergeLibDexOnnxDebug UP-TO-DATE
> Task :app:configureCMakeDebug[arm64-v8a]
> Task :app:buildCMakeDebug[arm64-v8a]
> Task :app:configureCMakeDebug[armeabi-v7a]
> Task :app:kspOnnxDebugKotlin
> Task :app:buildCMakeDebug[armeabi-v7a]
> Task :app:kspTfliteDebugKotlin
> Task :app:mergeOnnxDebugJniLibFolders UP-TO-DATE
> Task :app:mergeOnnxDebugNativeLibs UP-TO-DATE
> Task :app:stripOnnxDebugDebugSymbols UP-TO-DATE
> Task :app:validateSigningOnnxDebug UP-TO-DATE
> Task :app:writeOnnxDebugAppMetadata UP-TO-DATE
> Task :app:writeOnnxDebugSigningConfigVersions UP-TO-DATE
> Task :app:mergeTfliteDebugNativeDebugMetadata NO-SOURCE
> Task :app:generateTfliteDebugAssets UP-TO-DATE
> Task :app:stageTfliteDebugMobileClipAssets
> Task :app:mergeTfliteDebugAssets UP-TO-DATE
> Task :app:compressTfliteDebugAssets UP-TO-DATE
> Task :app:generateTfliteDebugGlobalSynthetics UP-TO-DATE
> Task :app:checkTfliteDebugDuplicateClasses UP-TO-DATE
> Task :app:desugarTfliteDebugFileDependencies UP-TO-DATE
> Task :app:mergeExtDexTfliteDebug UP-TO-DATE
> Task :app:mergeLibDexTfliteDebug UP-TO-DATE
> Task :app:mergeTfliteDebugJniLibFolders UP-TO-DATE
> Task :app:mergeTfliteDebugNativeLibs UP-TO-DATE
> Task :app:stripTfliteDebugDebugSymbols UP-TO-DATE
> Task :app:validateSigningTfliteDebug UP-TO-DATE
> Task :app:writeTfliteDebugAppMetadata UP-TO-DATE
> Task :app:writeTfliteDebugSigningConfigVersions UP-TO-DATE
> Task :app:preOnnxDebugAndroidTestBuild SKIPPED
> Task :app:mergeOnnxDebugAndroidTestManifest UP-TO-DATE
> Task :app:processOnnxDebugAndroidTestManifest UP-TO-DATE
> Task :app:generateOnnxDebugAndroidTestBuildConfig UP-TO-DATE
> Task :app:generateOnnxDebugAndroidTestResources UP-TO-DATE
> Task :app:packageOnnxDebugAndroidTestResources UP-TO-DATE
> Task :app:processOnnxDebugAndroidTestNavigationResources UP-TO-DATE
> Task :app:parseOnnxDebugAndroidTestLocalResources UP-TO-DATE
> Task :app:generateOnnxDebugAndroidTestRFile UP-TO-DATE
> Task :app:javaPreCompileOnnxDebugAndroidTest UP-TO-DATE
> Task :app:generateOnnxDebugAndroidTestAssets UP-TO-DATE
> Task :app:mergeOnnxDebugAndroidTestAssets UP-TO-DATE
> Task :app:compressOnnxDebugAndroidTestAssets UP-TO-DATE
> Task :app:generateOnnxDebugAndroidTestGlobalSynthetics UP-TO-DATE
> Task :app:checkOnnxDebugAndroidTestDuplicateClasses UP-TO-DATE
> Task :app:desugarOnnxDebugAndroidTestFileDependencies UP-TO-DATE
> Task :app:mergeExtDexOnnxDebugAndroidTest UP-TO-DATE
> Task :app:mergeLibDexOnnxDebugAndroidTest UP-TO-DATE
> Task :app:checkOnnxDebugAndroidTestAarMetadata UP-TO-DATE
> Task :app:mapOnnxDebugAndroidTestSourceSetPaths UP-TO-DATE
> Task :app:compileOnnxDebugAndroidTestNavigationResources UP-TO-DATE
> Task :app:mergeOnnxDebugAndroidTestResources UP-TO-DATE
> Task :app:processOnnxDebugAndroidTestResources UP-TO-DATE
> Task :app:mergeOnnxDebugAndroidTestJniLibFolders UP-TO-DATE
> Task :app:mergeOnnxDebugAndroidTestNativeLibs NO-SOURCE
> Task :app:stripOnnxDebugAndroidTestDebugSymbols NO-SOURCE
> Task :app:validateSigningOnnxDebugAndroidTest UP-TO-DATE
> Task :app:writeOnnxDebugAndroidTestSigningConfigVersions UP-TO-DATE
> Task :app:preTfliteDebugAndroidTestBuild SKIPPED
> Task :app:mergeTfliteDebugAndroidTestManifest UP-TO-DATE
> Task :app:processTfliteDebugAndroidTestManifest UP-TO-DATE
> Task :app:generateTfliteDebugAndroidTestBuildConfig UP-TO-DATE
> Task :app:generateTfliteDebugAndroidTestResources UP-TO-DATE
> Task :app:packageTfliteDebugAndroidTestResources UP-TO-DATE
> Task :app:processTfliteDebugAndroidTestNavigationResources UP-TO-DATE
> Task :app:parseTfliteDebugAndroidTestLocalResources UP-TO-DATE
> Task :app:generateTfliteDebugAndroidTestRFile UP-TO-DATE
> Task :app:javaPreCompileTfliteDebugAndroidTest UP-TO-DATE
> Task :app:generateTfliteDebugAndroidTestAssets UP-TO-DATE
> Task :app:mergeTfliteDebugAndroidTestAssets UP-TO-DATE
> Task :app:compressTfliteDebugAndroidTestAssets UP-TO-DATE
> Task :app:generateTfliteDebugAndroidTestGlobalSynthetics UP-TO-DATE
> Task :app:checkTfliteDebugAndroidTestDuplicateClasses UP-TO-DATE
> Task :app:desugarTfliteDebugAndroidTestFileDependencies UP-TO-DATE
> Task :app:mergeExtDexTfliteDebugAndroidTest UP-TO-DATE
> Task :app:mergeLibDexTfliteDebugAndroidTest UP-TO-DATE
> Task :app:checkTfliteDebugAndroidTestAarMetadata UP-TO-DATE
> Task :app:mapTfliteDebugAndroidTestSourceSetPaths UP-TO-DATE
> Task :app:compileTfliteDebugAndroidTestNavigationResources UP-TO-DATE
> Task :app:mergeTfliteDebugAndroidTestResources UP-TO-DATE
> Task :app:processTfliteDebugAndroidTestResources UP-TO-DATE
> Task :app:mergeTfliteDebugAndroidTestJniLibFolders UP-TO-DATE
> Task :app:mergeTfliteDebugAndroidTestNativeLibs NO-SOURCE
> Task :app:stripTfliteDebugAndroidTestDebugSymbols NO-SOURCE
> Task :app:validateSigningTfliteDebugAndroidTest UP-TO-DATE
> Task :app:writeTfliteDebugAndroidTestSigningConfigVersions UP-TO-DATE
> Task :app:loadKtlintReporters UP-TO-DATE
> Task :app:runKtlintCheckOverAndroidTestDebugSourceSet NO-SOURCE
> Task :app:ktlintAndroidTestDebugSourceSetCheck SKIPPED
> Task :app:runKtlintCheckOverAndroidTestOnnxDebugSourceSet NO-SOURCE
> Task :app:ktlintAndroidTestOnnxDebugSourceSetCheck SKIPPED
> Task :app:runKtlintCheckOverAndroidTestOnnxSourceSet NO-SOURCE
> Task :app:ktlintAndroidTestOnnxSourceSetCheck SKIPPED
> Task :app:runKtlintCheckOverAndroidTestReleaseSourceSet NO-SOURCE
> Task :app:ktlintAndroidTestReleaseSourceSetCheck SKIPPED
> Task :app:runKtlintCheckOverAndroidTestTfliteDebugSourceSet NO-SOURCE
> Task :app:ktlintAndroidTestTfliteDebugSourceSetCheck SKIPPED
> Task :app:runKtlintCheckOverAndroidTestTfliteSourceSet NO-SOURCE
> Task :app:ktlintAndroidTestTfliteSourceSetCheck SKIPPED
> Task :app:runKtlintCheckOverDebugSourceSet NO-SOURCE
> Task :app:ktlintDebugSourceSetCheck SKIPPED
> Task :app:runKtlintCheckOverKotlinScripts UP-TO-DATE
> Task :app:runKtlintCheckOverOnnxDebugSourceSet NO-SOURCE
> Task :app:ktlintOnnxDebugSourceSetCheck SKIPPED
> Task :app:runKtlintCheckOverOnnxReleaseSourceSet NO-SOURCE
> Task :app:ktlintOnnxReleaseSourceSetCheck SKIPPED
> Task :app:runKtlintCheckOverOnnxSourceSet NO-SOURCE
> Task :app:ktlintOnnxSourceSetCheck SKIPPED
> Task :app:runKtlintCheckOverReleaseSourceSet NO-SOURCE
> Task :app:ktlintReleaseSourceSetCheck SKIPPED
> Task :app:runKtlintCheckOverTestDebugSourceSet NO-SOURCE
> Task :app:ktlintTestDebugSourceSetCheck SKIPPED
> Task :app:runKtlintCheckOverTestFixturesDebugSourceSet NO-SOURCE
> Task :app:ktlintTestFixturesDebugSourceSetCheck SKIPPED
> Task :app:runKtlintCheckOverTestFixturesOnnxSourceSet NO-SOURCE
> Task :app:ktlintTestFixturesOnnxSourceSetCheck SKIPPED
> Task :app:runKtlintCheckOverTestFixturesReleaseSourceSet NO-SOURCE
> Task :app:ktlintTestFixturesReleaseSourceSetCheck SKIPPED
> Task :app:runKtlintCheckOverTestFixturesSourceSet NO-SOURCE
> Task :app:ktlintTestFixturesSourceSetCheck SKIPPED
> Task :app:runKtlintCheckOverTestFixturesTfliteSourceSet NO-SOURCE
> Task :app:ktlintTestFixturesTfliteSourceSetCheck SKIPPED
> Task :app:runKtlintCheckOverTestOnnxDebugSourceSet NO-SOURCE
> Task :app:ktlintTestOnnxDebugSourceSetCheck SKIPPED
> Task :app:runKtlintCheckOverTestOnnxSourceSet NO-SOURCE
> Task :app:ktlintTestOnnxSourceSetCheck SKIPPED
> Task :app:runKtlintCheckOverTestReleaseSourceSet NO-SOURCE
> Task :app:ktlintTestReleaseSourceSetCheck SKIPPED
> Task :app:runKtlintCheckOverTestSourceSet UP-TO-DATE
> Task :app:runKtlintCheckOverTestTfliteDebugSourceSet NO-SOURCE
> Task :app:ktlintTestTfliteDebugSourceSetCheck SKIPPED
> Task :app:runKtlintCheckOverTestTfliteSourceSet NO-SOURCE
> Task :app:ktlintTestTfliteSourceSetCheck SKIPPED
> Task :app:runKtlintCheckOverTfliteDebugSourceSet NO-SOURCE
> Task :app:ktlintTfliteDebugSourceSetCheck SKIPPED
> Task :app:runKtlintCheckOverTfliteReleaseSourceSet NO-SOURCE
> Task :app:ktlintTfliteReleaseSourceSetCheck SKIPPED
> Task :app:runKtlintCheckOverTfliteSourceSet NO-SOURCE
> Task :app:ktlintTfliteSourceSetCheck SKIPPED
> Task :app:extractProguardFiles UP-TO-DATE
> Task :app:ktlintKotlinScriptCheck
> Task :app:ktlintTestSourceSetCheck
> Task :app:kaptGenerateStubsOnnxDebugKotlin
> Task :app:kaptGenerateStubsTfliteDebugKotlin

> Task :app:detekt
Property 'style>OptionalWhenBraces' is deprecated. Same functionality is implemented in BracesOnWhenStatements.
Property 'naming>FunctionNaming>ignoreOverridden' is deprecated. This configuration is ignored and will be removed in the future.
Property 'naming>VariableNaming>ignoreOverridden' is deprecated. This configuration is ignored and will be removed in the future.
F:\github\PicQuery\PicQuery\app\src\main\java\me\grey\picquery\data\data_source\AlbumRepository.kt:35:9: Function getAllAlbums is nested too deeply. [NestedBlockDepth]
F:\github\PicQuery\PicQuery\app\src\main\java\me\grey\picquery\ui\AppNavHost.kt:32:5: The function AppNavHost is too long (118). The maximum length is 100. [LongMethod]
F:\github\PicQuery\PicQuery\app\src\main\java\me\grey\picquery\ui\home\HomeScreen.kt:148:24: The function MainContent(padding: PaddingValues, userGuideVisible: Boolean, homeViewModel: HomeViewModel, navigateToSearch: (String) -> Unit, navigateToSearchWitImage: (Uri) -> Unit, albumListSheetState: AppBottomSheetState, onOpenIndexAlbums: () -> Unit, onOpenSearchRange: () -> Unit, onOpenSearchConfig: () -> Unit, navigateToSimilar: () -> Unit, navigateToSetting: () -> Unit) has too many parameters. The current threshold is set to 8. [LongParameterList]
F:\github\PicQuery\PicQuery\app\src\main\java\me\grey\picquery\ui\home\HomeScreen.kt:190:26: The function SearchSection(userGuideVisible: Boolean, homeViewModel: HomeViewModel, navigateToSearch: (String) -> Unit, navigateToSearchWitImage: (Uri) -> Unit, onOpenIndexAlbums: () -> Unit, onOpenSearchRange: () -> Unit, onOpenSearchConfig: () -> Unit, navigateToSimilar: () -> Unit, navigateToSetting: () -> Unit) has too many parameters. The current threshold is set to 8. [LongParameterList]
F:\github\PicQuery\PicQuery\app\src\main\java\me\grey\picquery\feature\clip\PreprocessorCLIP.kt:9:9: Variable names should match the pattern: [a-z][A-Za-z0-9]* [VariableNaming]
F:\github\PicQuery\PicQuery\app\src\main\java\me\grey\picquery\feature\clip\PreprocessorCLIP.kt:10:9: Variable names should match the pattern: [a-z][A-Za-z0-9]* [VariableNaming]
F:\github\PicQuery\PicQuery\app\src\main\java\me\grey\picquery\feature\ImageEncoderONNX.kt:26:17: Private variable names should match the pattern: (_)?[a-z][A-Za-z0-9]* [VariableNaming]
F:\github\PicQuery\PicQuery\app\src\main\java\me\grey\picquery\feature\mobileclip\PreprocessorMobileCLIP.kt:9:9: Variable names should match the pattern: [a-z][A-Za-z0-9]* [VariableNaming]
F:\github\PicQuery\PicQuery\app\src\main\java\me\grey\picquery\feature\mobileclip\PreprocessorMobileCLIP.kt:10:9: Variable names should match the pattern: [a-z][A-Za-z0-9]* [VariableNaming]
F:\github\PicQuery\PicQuery\app\src\main\java\me\grey\picquery\feature\mobileclip\PreprocessorMobileCLIP.kt:11:9: Variable names should match the pattern: [a-z][A-Za-z0-9]* [VariableNaming]
F:\github\PicQuery\PicQuery\app\src\main\java\me\grey\picquery\feature\TextEncoderONNX.kt:15:17: Private variable names should match the pattern: (_)?[a-z][A-Za-z0-9]* [VariableNaming]
F:\github\PicQuery\PicQuery\app\src\main\java\me\grey\picquery\common\Constants.kt:20:9: DIM can be a `const val`. [MayBeConst]
F:\github\PicQuery\PicQuery\app\src\main\java\me\grey\picquery\common\ImageUtil.kt:91:13: Function loadThumbnail has 4 return statements which exceeds the limit of 3. [ReturnCount]
F:\github\PicQuery\PicQuery\app\src\main\java\me\grey\picquery\data\CursorUtil.kt:10:1: The class CursorUtil only contains utility functions. Consider defining it as an object. [UtilityClassWithPublicConstructor]
F:\github\PicQuery\PicQuery\app\src\main\java\me\grey\picquery\data\model\Embedding.kt:9:12: The class Embedding implements the `Serializable` interface and should thus define a `serialVersionUID`. [SerialVersionUIDInSerializableClass]
F:\github\PicQuery\PicQuery\app\src\main\java\me\grey\picquery\data\model\ObjectBoxEmbedding.kt:11:12: The class ObjectBoxEmbedding implements the `Serializable` interface and should thus define a `serialVersionUID`. [SerialVersionUIDInSerializableClass]
F:\github\PicQuery\PicQuery\app\src\main\java\me\grey\picquery\domain\EmbeddingUtils.kt:18:9: Function parameter `embeddingRepository` is unused. [UnusedParameter]
F:\github\PicQuery\PicQuery\app\src\main\java\me\grey\picquery\domain\EmbeddingUtils.kt:14:9: TAG can be a `const val`. [MayBeConst]
F:\github\PicQuery\PicQuery\app\src\main\java\me\grey\picquery\feature\BPETokenizer.kt:112:9: The loop contains more than one break or continue statement. The code should be refactored to increase readability. [LoopWithTooManyJumpStatements]
F:\github\PicQuery\PicQuery\app\src\main\java\me\grey\picquery\ui\home\HomeScreen.kt:282:5: Function parameter `onOpenIndexAlbums` is unused. [UnusedParameter]
F:\github\PicQuery\PicQuery\app\src\main\java\me\grey\picquery\ui\home\HomeScreen.kt:283:5: Function parameter `onOpenSearchRange` is unused. [UnusedParameter]
F:\github\PicQuery\PicQuery\app\src\main\java\me\grey\picquery\ui\home\HomeScreen.kt:284:5: Function parameter `onOpenSearchConfig` is unused. [UnusedParameter]
F:\github\PicQuery\PicQuery\app\src\main\java\me\grey\picquery\ui\home\HomeScreen.kt:285:5: Function parameter `navigateToSimilar` is unused. [UnusedParameter]
F:\github\PicQuery\PicQuery\app\src\main\java\me\grey\picquery\ui\home\HomeScreen.kt:286:5: Function parameter `navigateToSetting` is unused. [UnusedParameter]
F:\github\PicQuery\PicQuery\app\src\main\java\me\grey\picquery\ui\home\HomeScreen.kt:307:5: Function parameter `onOpenSearchConfig` is unused. [UnusedParameter]
F:\github\PicQuery\PicQuery\app\src\main\java\me\grey\picquery\ui\search\SearchResultList.kt:156:5: Function parameter `similarity` is unused. [UnusedParameter]


> Task :app:runKtlintCheckOverAndroidTestSourceSet
> Task :app:ktlintAndroidTestSourceSetCheck
> Task :app:runKtlintCheckOverMainSourceSet
> Task :app:ktlintMainSourceSetCheck
> Task :app:ktlintCheck

> Task :app:kaptOnnxDebugKotlin
[ObjectBox] ID model file unchanged: default.json
[ObjectBox] ObjectBox Generator
[ObjectBox] Copyright 2017-2025 ObjectBox Ltd, objectbox.io. Licensed under GNU Affero General Public License, Version 3.
[ObjectBox] This program comes with ABSOLUTELY NO WARRANTY
[ObjectBox] Processing schema version 1...
[ObjectBox] Written me.grey.picquery.data.model.ObjectBoxEmbeddingCursor.java
[ObjectBox] Written me.grey.picquery.data.model.ObjectBoxEmbedding_.java
[ObjectBox] Written me.grey.picquery.data.model.MyObjectBox.java
[ObjectBox] Processed 1 entities in 124ms

> Task :app:kaptTfliteDebugKotlin
[ObjectBox] ID model file unchanged: default.json
[ObjectBox] ObjectBox Generator
[ObjectBox] Copyright 2017-2025 ObjectBox Ltd, objectbox.io. Licensed under GNU Affero General Public License, Version 3.
[ObjectBox] This program comes with ABSOLUTELY NO WARRANTY
[ObjectBox] Processing schema version 1...
[ObjectBox] Written me.grey.picquery.data.model.ObjectBoxEmbeddingCursor.java
[ObjectBox] Written me.grey.picquery.data.model.ObjectBoxEmbedding_.java
[ObjectBox] Written me.grey.picquery.data.model.MyObjectBox.java
[ObjectBox] Processed 1 entities in 109ms

> Task :app:compileOnnxDebugKotlin
w: file:///F:/github/PicQuery/PicQuery/app/src/main/java/me/grey/picquery/ui/setting/SettingScreen.kt:112:9 'static fun startActivity(p0: Context, p1: Intent, p2: Bundle?): Unit' is deprecated. Deprecated in Java.

> Task :app:compileOnnxDebugJavaWithJavac UP-TO-DATE
> Task :app:processOnnxDebugJavaRes UP-TO-DATE
> Task :app:mergeOnnxDebugJavaResource UP-TO-DATE
> Task :app:generateOnnxDebugLintReportModel

> Task :app:compileTfliteDebugKotlin
w: file:///F:/github/PicQuery/PicQuery/app/src/main/java/me/grey/picquery/ui/setting/SettingScreen.kt:112:9 'static fun startActivity(p0: Context, p1: Intent, p2: Bundle?): Unit' is deprecated. Deprecated in Java.

> Task :app:bundleOnnxDebugClassesToCompileJar
> Task :app:compileTfliteDebugJavaWithJavac UP-TO-DATE
> Task :app:transformOnnxDebugClassesWithAsm
> Task :app:kspOnnxDebugUnitTestKotlin
> Task :app:bundleOnnxDebugClassesToRuntimeJar
> Task :app:kaptGenerateStubsOnnxDebugUnitTestKotlin UP-TO-DATE
> Task :app:kaptOnnxDebugUnitTestKotlin SKIPPED
> Task :app:compileOnnxDebugUnitTestKotlin UP-TO-DATE
> Task :app:compileOnnxDebugUnitTestJavaWithJavac NO-SOURCE
> Task :app:processOnnxDebugUnitTestJavaRes UP-TO-DATE

> Task :app:testOnnxDebugUnitTest

> Task :app:processTfliteDebugJavaRes UP-TO-DATE
Picked up JAVA_TOOL_OPTIONS: -Djava.io.tmpdir=F:\github\PicQuery\PicQuery\build\java-tmp
> Task :app:bundleTfliteDebugClassesToCompileJar
> Task :app:transformTfliteDebugClassesWithAsm
> Task :app:dexBuilderOnnxDebug
> Task :app:kspTfliteDebugUnitTestKotlin
> Task :app:bundleTfliteDebugClassesToRuntimeJar
> Task :app:kaptGenerateStubsTfliteDebugUnitTestKotlin UP-TO-DATE
> Task :app:kaptTfliteDebugUnitTestKotlin SKIPPED
> Task :app:compileTfliteDebugUnitTestKotlin UP-TO-DATE
> Task :app:compileTfliteDebugUnitTestJavaWithJavac NO-SOURCE
> Task :app:processTfliteDebugUnitTestJavaRes UP-TO-DATE

> Task :app:testTfliteDebugUnitTest
Picked up JAVA_TOOL_OPTIONS: -Djava.io.tmpdir=F:\github\PicQuery\PicQuery\build\java-tmp

> Task :app:mergeProjectDexOnnxDebug
> Task :app:dexBuilderTfliteDebug
> Task :app:mergeTfliteDebugJavaResource UP-TO-DATE
> Task :app:kspOnnxDebugAndroidTestKotlin
> Task :app:mergeProjectDexTfliteDebug
> Task :app:kaptGenerateStubsOnnxDebugAndroidTestKotlin
> Task :app:packageOnnxDebug
> Task :app:createOnnxDebugApkListingFileRedirect UP-TO-DATE
> Task :app:assembleOnnxDebug
> Task :app:kaptOnnxDebugAndroidTestKotlin SKIPPED
> Task :app:kspTfliteDebugAndroidTestKotlin
> Task :app:generateOnnxDebugAndroidTestLintModel
> Task :app:generateOnnxDebugUnitTestLintModel
> Task :app:kaptGenerateStubsTfliteDebugAndroidTestKotlin
> Task :app:kaptTfliteDebugAndroidTestKotlin SKIPPED
> Task :app:packageTfliteDebug
> Task :app:createTfliteDebugApkListingFileRedirect UP-TO-DATE
> Task :app:assembleTfliteDebug
> Task :app:generateTfliteDebugAndroidTestLintModel
> Task :app:generateTfliteDebugLintReportModel
> Task :app:compileOnnxDebugAndroidTestKotlin
> Task :app:generateTfliteDebugUnitTestLintModel
> Task :app:compileTfliteDebugAndroidTestKotlin
> Task :app:compileOnnxDebugAndroidTestJavaWithJavac UP-TO-DATE
> Task :app:processOnnxDebugAndroidTestJavaRes UP-TO-DATE
> Task :app:mergeOnnxDebugAndroidTestJavaResource UP-TO-DATE
> Task :app:dexBuilderOnnxDebugAndroidTest
> Task :app:mergeProjectDexOnnxDebugAndroidTest
> Task :app:compileTfliteDebugAndroidTestJavaWithJavac UP-TO-DATE
> Task :app:dexBuilderTfliteDebugAndroidTest
> Task :app:processTfliteDebugAndroidTestJavaRes UP-TO-DATE
> Task :app:mergeTfliteDebugAndroidTestJavaResource UP-TO-DATE
> Task :app:packageOnnxDebugAndroidTest
> Task :app:createOnnxDebugAndroidTestApkListingFileRedirect UP-TO-DATE
> Task :app:assembleOnnxDebugAndroidTest
> Task :app:mergeProjectDexTfliteDebugAndroidTest
> Task :app:packageTfliteDebugAndroidTest
> Task :app:createTfliteDebugAndroidTestApkListingFileRedirect UP-TO-DATE
> Task :app:assembleTfliteDebugAndroidTest
> Task :app:lintAnalyzeOnnxDebugUnitTest
> Task :app:lintAnalyzeOnnxDebugAndroidTest
> Task :app:lintAnalyzeOnnxDebug
> Task :app:lintAnalyzeTfliteDebugAndroidTest
> Task :app:lintAnalyzeTfliteDebugUnitTest
> Task :app:lintAnalyzeTfliteDebug

> Task :app:lintReportOnnxDebug
Wrote HTML report to file:///F:/github/PicQuery/PicQuery/app/build/reports/lint-results-onnxDebug.html
Wrote SARIF report to file:///F:/github/PicQuery/PicQuery/app/build/reports/lint-results-onnxDebug.sarif

> Task :app:lintOnnxDebug

> Task :app:lintReportTfliteDebug
Wrote HTML report to file:///F:/github/PicQuery/PicQuery/app/build/reports/lint-results-tfliteDebug.html
Wrote SARIF report to file:///F:/github/PicQuery/PicQuery/app/build/reports/lint-results-tfliteDebug.sarif

> Task :app:lintTfliteDebug

[Incubating] Problems report is available at: file:///F:/github/PicQuery/PicQuery/build/reports/problems/problems-report.html

Deprecated Gradle features were used in this build, making it incompatible with Gradle 10.

You can use '--warning-mode all' to show the individual deprecation warnings and determine if they come from your own scripts or plugins.

For more on this, please refer to https://docs.gradle.org/9.6.0/userguide/command_line_interface.html#sec:command_line_warnings in the Gradle documentation.

BUILD SUCCESSFUL in 1m 16s
202 actionable tasks: 65 executed, 137 up-to-date
