INSTRUMENTATION_STATUS: class=me.grey.picquery.feature.MobileCLIPVersionsBenchmarkTest
INSTRUMENTATION_STATUS: current=1
INSTRUMENTATION_STATUS: id=AndroidJUnitRunner
INSTRUMENTATION_STATUS: numtests=2
INSTRUMENTATION_STATUS: stream=
me.grey.picquery.feature.MobileCLIPVersionsBenchmarkTest:
INSTRUMENTATION_STATUS: test=exportAccuracyFeatures
INSTRUMENTATION_STATUS_CODE: 1
INSTRUMENTATION_STATUS: class=me.grey.picquery.feature.MobileCLIPVersionsBenchmarkTest
INSTRUMENTATION_STATUS: current=1
INSTRUMENTATION_STATUS: id=AndroidJUnitRunner
INSTRUMENTATION_STATUS: numtests=2
INSTRUMENTATION_STATUS: stack=org.junit.AssumptionViolatedException: Pass modelId to opt into the external-fixture accuracy export.
	at org.junit.Assume.assumeTrue(Assume.java:68)
	at me.grey.picquery.feature.MobileCLIPVersionsBenchmarkTest.exportAccuracyFeatures(MobileCLIPVersionsBenchmarkTest.kt:164)

INSTRUMENTATION_STATUS: stream=
me.grey.picquery.feature.MobileCLIPVersionsBenchmarkTest:
INSTRUMENTATION_STATUS: test=exportAccuracyFeatures
INSTRUMENTATION_STATUS_CODE: -4
INSTRUMENTATION_STATUS: class=me.grey.picquery.feature.MobileCLIPVersionsBenchmarkTest
INSTRUMENTATION_STATUS: current=2
INSTRUMENTATION_STATUS: id=AndroidJUnitRunner
INSTRUMENTATION_STATUS: numtests=2
INSTRUMENTATION_STATUS: stream=
INSTRUMENTATION_STATUS: test=benchmarkModel
INSTRUMENTATION_STATUS_CODE: 1
INSTRUMENTATION_STATUS: class=me.grey.picquery.feature.MobileCLIPVersionsBenchmarkTest
INSTRUMENTATION_STATUS: current=2
INSTRUMENTATION_STATUS: id=AndroidJUnitRunner
INSTRUMENTATION_STATUS: numtests=2
INSTRUMENTATION_STATUS: stack=org.junit.AssumptionViolatedException: Pass modelId to opt into the external-fixture benchmark.
	at org.junit.Assume.assumeTrue(Assume.java:68)
	at me.grey.picquery.feature.MobileCLIPVersionsBenchmarkTest.benchmarkModel(MobileCLIPVersionsBenchmarkTest.kt:49)

INSTRUMENTATION_STATUS: stream=
INSTRUMENTATION_STATUS: test=benchmarkModel
INSTRUMENTATION_STATUS_CODE: -4
INSTRUMENTATION_RESULT: stream=

Time: 0.022

OK (2 tests)


INSTRUMENTATION_CODE: -1
