Picked up JAVA_TOOL_OPTIONS: -Djava.io.tmpdir=F:/github/PicQuery/PicQuery/build/java-tmp
Type-safe project accessors is an incubating feature.
> Task :app:objectboxPrepareBuild UP-TO-DATE
> Task :app:preBuild UP-TO-DATE
> Task :app:preOnnxDebugBuild UP-TO-DATE
> Task :app:mergeOnnxDebugNativeDebugMetadata NO-SOURCE
> Task :app:generateOnnxDebugBuildConfig UP-TO-DATE
> Task :app:generateOnnxDebugResources
> Task :app:packageOnnxDebugResources
> Task :app:processOnnxDebugNavigationResources
> Task :app:parseOnnxDebugLocalResources
> Task :app:kspOnnxDebugKotlin UP-TO-DATE
> Task :app:generateOnnxDebugRFile UP-TO-DATE
> Task :app:kaptGenerateStubsOnnxDebugKotlin UP-TO-DATE
> Task :app:kaptOnnxDebugKotlin UP-TO-DATE
> Task :app:compileOnnxDebugKotlin UP-TO-DATE
> Task :app:javaPreCompileOnnxDebug UP-TO-DATE
> Task :app:compileOnnxDebugJavaWithJavac UP-TO-DATE
> Task :app:generateOnnxDebugAssets UP-TO-DATE
> Task :app:stageOnnxDebugMobileClipAssets UP-TO-DATE
> Task :app:mergeOnnxDebugAssets UP-TO-DATE
> Task :app:compressOnnxDebugAssets UP-TO-DATE
> Task :app:generateOnnxDebugGlobalSynthetics UP-TO-DATE
> Task :app:checkOnnxDebugDuplicateClasses UP-TO-DATE
> Task :app:desugarOnnxDebugFileDependencies UP-TO-DATE
> Task :app:mergeExtDexOnnxDebug UP-TO-DATE
> Task :app:mergeLibDexOnnxDebug UP-TO-DATE
> Task :app:processOnnxDebugJavaRes UP-TO-DATE
> Task :app:mergeOnnxDebugJavaResource UP-TO-DATE
> Task :app:checkOnnxDebugAarMetadata UP-TO-DATE
> Task :app:mapOnnxDebugSourceSetPaths
> Task :app:compileOnnxDebugNavigationResources UP-TO-DATE
> Task :app:createOnnxDebugCompatibleScreenManifests UP-TO-DATE
> Task :app:extractDeepLinksOnnxDebug UP-TO-DATE
> Task :app:processOnnxDebugMainManifest UP-TO-DATE
> Task :app:processOnnxDebugManifest UP-TO-DATE
> Task :app:processOnnxDebugManifestForPackage UP-TO-DATE
> Task :app:preTfliteDebugBuild UP-TO-DATE
> Task :app:configureCMakeDebug[arm64-v8a]
> Task :app:mergeOnnxDebugResources
> Task :app:buildCMakeDebug[arm64-v8a]
> Task :app:configureCMakeDebug[armeabi-v7a]
> Task :app:buildCMakeDebug[armeabi-v7a]
> Task :app:mergeOnnxDebugJniLibFolders UP-TO-DATE
> Task :app:mergeOnnxDebugNativeLibs UP-TO-DATE
> Task :app:stripOnnxDebugDebugSymbols UP-TO-DATE
> Task :app:validateSigningOnnxDebug UP-TO-DATE
> Task :app:writeOnnxDebugAppMetadata UP-TO-DATE
> Task :app:writeOnnxDebugSigningConfigVersions UP-TO-DATE
> Task :app:mergeTfliteDebugNativeDebugMetadata NO-SOURCE
> Task :app:generateTfliteDebugBuildConfig UP-TO-DATE
> Task :app:generateTfliteDebugResources
> Task :app:packageTfliteDebugResources
> Task :app:processTfliteDebugNavigationResources
> Task :app:parseTfliteDebugLocalResources
> Task :app:kspTfliteDebugKotlin UP-TO-DATE
> Task :app:generateTfliteDebugRFile UP-TO-DATE
> Task :app:kaptGenerateStubsTfliteDebugKotlin UP-TO-DATE
> Task :app:kaptTfliteDebugKotlin UP-TO-DATE
> Task :app:compileTfliteDebugKotlin UP-TO-DATE
> Task :app:javaPreCompileTfliteDebug UP-TO-DATE
> Task :app:compileTfliteDebugJavaWithJavac UP-TO-DATE
> Task :app:generateTfliteDebugAssets UP-TO-DATE
> Task :app:stageTfliteDebugMobileClipAssets UP-TO-DATE
> Task :app:mergeTfliteDebugAssets UP-TO-DATE
> Task :app:compressTfliteDebugAssets UP-TO-DATE
> Task :app:generateTfliteDebugGlobalSynthetics UP-TO-DATE
> Task :app:checkTfliteDebugDuplicateClasses UP-TO-DATE
> Task :app:desugarTfliteDebugFileDependencies UP-TO-DATE
> Task :app:mergeExtDexTfliteDebug UP-TO-DATE
> Task :app:mergeLibDexTfliteDebug UP-TO-DATE
> Task :app:checkTfliteDebugAarMetadata UP-TO-DATE
> Task :app:mapTfliteDebugSourceSetPaths
> Task :app:compileTfliteDebugNavigationResources UP-TO-DATE
> Task :app:processOnnxDebugResources
> Task :app:transformOnnxDebugClassesWithAsm UP-TO-DATE
> Task :app:dexBuilderOnnxDebug UP-TO-DATE
> Task :app:mergeProjectDexOnnxDebug UP-TO-DATE
> Task :app:createTfliteDebugCompatibleScreenManifests UP-TO-DATE
> Task :app:extractDeepLinksTfliteDebug UP-TO-DATE
> Task :app:processTfliteDebugMainManifest UP-TO-DATE
> Task :app:processTfliteDebugManifest UP-TO-DATE
> Task :app:processTfliteDebugManifestForPackage UP-TO-DATE
> Task :app:processTfliteDebugJavaRes UP-TO-DATE
> Task :app:mergeTfliteDebugJavaResource UP-TO-DATE
> Task :app:mergeTfliteDebugJniLibFolders UP-TO-DATE
> Task :app:mergeTfliteDebugNativeLibs UP-TO-DATE
> Task :app:stripTfliteDebugDebugSymbols UP-TO-DATE
> Task :app:validateSigningTfliteDebug UP-TO-DATE
> Task :app:writeTfliteDebugAppMetadata UP-TO-DATE
> Task :app:writeTfliteDebugSigningConfigVersions UP-TO-DATE
> Task :app:preTfliteDebugAndroidTestBuild SKIPPED
> Task :app:extractProguardFiles UP-TO-DATE
> Task :app:mergeTfliteDebugResources
> Task :app:generateTfliteDebugLintReportModel
> Task :app:preTfliteDebugUnitTestBuild UP-TO-DATE
> Task :app:processTfliteDebugResources

> Task :app:detekt
Property 'style>OptionalWhenBraces' is deprecated. Same functionality is implemented in BracesOnWhenStatements.
Property 'naming>FunctionNaming>ignoreOverridden' is deprecated. This configuration is ignored and will be removed in the future.
Property 'naming>VariableNaming>ignoreOverridden' is deprecated. This configuration is ignored and will be removed in the future.
F:\github\PicQuery\PicQuery\app\src\main\java\me\grey\picquery\data\data_source\AlbumRepository.kt:35:9: Function getAllAlbums is nested too deeply. [NestedBlockDepth]
F:\github\PicQuery\PicQuery\app\src\main\java\me\grey\picquery\ui\AppNavHost.kt:32:5: The function AppNavHost is too long (118). The maximum length is 100. [LongMethod]
F:\github\PicQuery\PicQuery\app\src\main\java\me\grey\picquery\ui\home\HomeScreen.kt:148:24: The function MainContent(padding: PaddingValues, userGuideVisible: Boolean, homeViewModel: HomeViewModel, navigateToSearch: (String) -> Unit, navigateToSearchWitImage: (Uri) -> Unit, albumListSheetState: AppBottomSheetState, onOpenIndexAlbums: () -> Unit, onOpenSearchRange: () -> Unit, onOpenSearchConfig: () -> Unit, navigateToSimilar: () -> Unit, navigateToSetting: () -> Unit) has too many parameters. The current threshold is set to 8. [LongParameterList]
F:\github\PicQuery\PicQuery\app\src\main\java\me\grey\picquery\ui\home\HomeScreen.kt:190:26: The function SearchSection(userGuideVisible: Boolean, homeViewModel: HomeViewModel, navigateToSearch: (String) -> Unit, navigateToSearchWitImage: (Uri) -> Unit, onOpenIndexAlbums: () -> Unit, onOpenSearchRange: () -> Unit, onOpenSearchConfig: () -> Unit, navigateToSimilar: () -> Unit, navigateToSetting: () -> Unit) has too many parameters. The current threshold is set to 8. [LongParameterList]
F:\github\PicQuery\PicQuery\app\src\main\java\me\grey\picquery\feature\clip\PreprocessorCLIP.kt:9:9: Variable names should match the pattern: [a-z][A-Za-z0-9]* [VariableNaming]
F:\github\PicQuery\PicQuery\app\src\main\java\me\grey\picquery\feature\clip\PreprocessorCLIP.kt:10:9: Variable names should match the pattern: [a-z][A-Za-z0-9]* [VariableNaming]
F:\github\PicQuery\PicQuery\app\src\main\java\me\grey\picquery\feature\ImageEncoderONNX.kt:26:17: Private variable names should match the pattern: (_)?[a-z][A-Za-z0-9]* [VariableNaming]
F:\github\PicQuery\PicQuery\app\src\main\java\me\grey\picquery\feature\mobileclip\PreprocessorMobileCLIP.kt:9:9: Variable names should match the pattern: [a-z][A-Za-z0-9]* [VariableNaming]
F:\github\PicQuery\PicQuery\app\src\main\java\me\grey\picquery\feature\mobileclip\PreprocessorMobileCLIP.kt:10:9: Variable names should match the pattern: [a-z][A-Za-z0-9]* [VariableNaming]
F:\github\PicQuery\PicQuery\app\src\main\java\me\grey\picquery\feature\mobileclip\PreprocessorMobileCLIP.kt:11:9: Variable names should match the pattern: [a-z][A-Za-z0-9]* [VariableNaming]
F:\github\PicQuery\PicQuery\app\src\main\java\me\grey\picquery\feature\TextEncoderONNX.kt:15:17: Private variable names should match the pattern: (_)?[a-z][A-Za-z0-9]* [VariableNaming]
F:\github\PicQuery\PicQuery\app\src\main\java\me\grey\picquery\common\Constants.kt:20:9: DIM can be a `const val`. [MayBeConst]
F:\github\PicQuery\PicQuery\app\src\main\java\me\grey\picquery\common\ImageUtil.kt:91:13: Function loadThumbnail has 4 return statements which exceeds the limit of 3. [ReturnCount]
F:\github\PicQuery\PicQuery\app\src\main\java\me\grey\picquery\data\CursorUtil.kt:10:1: The class CursorUtil only contains utility functions. Consider defining it as an object. [UtilityClassWithPublicConstructor]
F:\github\PicQuery\PicQuery\app\src\main\java\me\grey\picquery\data\model\Embedding.kt:9:12: The class Embedding implements the `Serializable` interface and should thus define a `serialVersionUID`. [SerialVersionUIDInSerializableClass]
F:\github\PicQuery\PicQuery\app\src\main\java\me\grey\picquery\data\model\ObjectBoxEmbedding.kt:11:12: The class ObjectBoxEmbedding implements the `Serializable` interface and should thus define a `serialVersionUID`. [SerialVersionUIDInSerializableClass]
F:\github\PicQuery\PicQuery\app\src\main\java\me\grey\picquery\domain\EmbeddingUtils.kt:18:9: Function parameter `embeddingRepository` is unused. [UnusedParameter]
F:\github\PicQuery\PicQuery\app\src\main\java\me\grey\picquery\domain\EmbeddingUtils.kt:14:9: TAG can be a `const val`. [MayBeConst]
F:\github\PicQuery\PicQuery\app\src\main\java\me\grey\picquery\feature\BPETokenizer.kt:114:9: The loop contains more than one break or continue statement. The code should be refactored to increase readability. [LoopWithTooManyJumpStatements]
F:\github\PicQuery\PicQuery\app\src\main\java\me\grey\picquery\feature\tf\TFLiteInterpreterSession.kt:66:21: Function configureDelegate has 4 return statements which exceeds the limit of 3. [ReturnCount]
F:\github\PicQuery\PicQuery\app\src\main\java\me\grey\picquery\ui\home\HomeScreen.kt:282:5: Function parameter `onOpenIndexAlbums` is unused. [UnusedParameter]
F:\github\PicQuery\PicQuery\app\src\main\java\me\grey\picquery\ui\home\HomeScreen.kt:283:5: Function parameter `onOpenSearchRange` is unused. [UnusedParameter]
F:\github\PicQuery\PicQuery\app\src\main\java\me\grey\picquery\ui\home\HomeScreen.kt:284:5: Function parameter `onOpenSearchConfig` is unused. [UnusedParameter]
F:\github\PicQuery\PicQuery\app\src\main\java\me\grey\picquery\ui\home\HomeScreen.kt:285:5: Function parameter `navigateToSimilar` is unused. [UnusedParameter]
F:\github\PicQuery\PicQuery\app\src\main\java\me\grey\picquery\ui\home\HomeScreen.kt:286:5: Function parameter `navigateToSetting` is unused. [UnusedParameter]
F:\github\PicQuery\PicQuery\app\src\main\java\me\grey\picquery\ui\home\HomeScreen.kt:307:5: Function parameter `onOpenSearchConfig` is unused. [UnusedParameter]
F:\github\PicQuery\PicQuery\app\src\main\java\me\grey\picquery\ui\search\SearchResultList.kt:156:5: Function parameter `similarity` is unused. [UnusedParameter]


> Task :app:transformTfliteDebugClassesWithAsm UP-TO-DATE
> Task :app:dexBuilderTfliteDebug UP-TO-DATE
> Task :app:mergeProjectDexTfliteDebug UP-TO-DATE
> Task :app:bundleTfliteDebugClassesToCompileJar UP-TO-DATE
> Task :app:generateTfliteDebugAndroidTestLintModel UP-TO-DATE
> Task :app:generateTfliteDebugUnitTestLintModel UP-TO-DATE
> Task :app:lintAnalyzeTfliteDebugAndroidTest UP-TO-DATE
> Task :app:lintAnalyzeTfliteDebugUnitTest UP-TO-DATE
> Task :app:packageOnnxDebug
> Task :app:createOnnxDebugApkListingFileRedirect UP-TO-DATE
> Task :app:assembleOnnxDebug
> Task :app:packageTfliteDebug
> Task :app:createTfliteDebugApkListingFileRedirect UP-TO-DATE
> Task :app:assembleTfliteDebug
> Task :app:lintAnalyzeTfliteDebug

> Task :app:lintReportTfliteDebug
Wrote HTML report to file:///F:/github/PicQuery/PicQuery/app/build/reports/lint-results-tfliteDebug.html

> Task :app:lintTfliteDebug

[Incubating] Problems report is available at: file:///F:/github/PicQuery/PicQuery/build/reports/problems/problems-report.html

Deprecated Gradle features were used in this build, making it incompatible with Gradle 10.

You can use '--warning-mode all' to show the individual deprecation warnings and determine if they come from your own scripts or plugins.

For more on this, please refer to https://docs.gradle.org/9.4.1/userguide/command_line_interface.html#sec:command_line_warnings in the Gradle documentation.

BUILD SUCCESSFUL in 37s
102 actionable tasks: 25 executed, 77 up-to-date
