09-13 14:58:19.573 27866 27866 I EmbeddingService: Embedding runtime selected: imageEncoder=me.grey.picquery.feature.mobileclip2.ImageEncoderMobileCLIPv2, textEncoder=me.grey.picquery.feature.mobileclip2.TextEncoderMobileCLIPv2
09-13 14:58:20.017 27866 27907 D AlbumManager: ALL albums: 5
09-13 14:58:20.027 27866 27908 D EmbeddingService: Total embedding count 0
09-13 14:58:20.027 27866 27908 D AlbumManager: Searchable albums: 0
09-13 14:58:20.027 27866 27908 D AlbumManager: Unsearchable albums: 5
09-13 14:58:46.498 27866 27907 I EmbeddingService: encodePhotoList started with 5 photos using me.grey.picquery.feature.mobileclip2.ImageEncoderMobileCLIPv2
09-13 14:58:46.531 27866 27910 D EmbeddingService: Processing batch: 5
09-13 14:58:47.363 27866 27910 D AlbumManager: Encoded 5/5 photos, cost: 166
09-13 14:58:47.363 27866 27910 D EmbeddingService: Batch cost: 831ms
09-13 14:58:47.363 27866 27910 I EmbeddingService: Encoding completed
09-13 14:58:47.366 27866 27910 I AlbumManager: Encoded 1 album(s) with 5 photos!
09-13 14:58:47.373 27866 27910 D AlbumManager: Searchable albums: 1
09-13 14:58:47.374 27866 27910 D AlbumManager: Unsearchable albums: 4
09-13 14:58:47.376 27866 27908 D AlbumManager: Searchable albums: 1
09-13 14:58:47.377 27866 27909 D AlbumManager: Searchable albums: 1
09-13 14:58:47.377 27866 27908 D AlbumManager: Unsearchable albums: 4
09-13 14:58:47.378 27866 27909 D AlbumManager: Unsearchable albums: 4
09-13 14:58:57.522 27866 27866 D SearchResultViewModel: init!!! SearchViewModel
09-13 14:58:57.557 27866 27866 D SearchResultViewModel: onQueryChange: dog
09-13 14:58:57.895 27866 27908 I SearchOrchestrator: Text search candidates for 'dog': Dog, dog
09-13 14:58:57.897 27866 27908 I EmbeddingService: Encoding text with me.grey.picquery.feature.mobileclip2.TextEncoderMobileCLIPv2
09-13 14:58:58.651 27866 27908 D SearchOrchestrator: Starting vector search V2
09-13 14:58:58.652 27866 27908 D SearchOrchestrator: Search from all albums
09-13 14:58:58.653 27866 27908 D SearchOrchestrator: Search completed: found 1 results
09-13 14:58:58.653 27866 27908 D SearchOrchestrator: Candidate 'Dog' returned 1 result(s)
09-13 14:58:58.654 27866 27908 I EmbeddingService: Encoding text with me.grey.picquery.feature.mobileclip2.TextEncoderMobileCLIPv2
09-13 14:58:58.674 27866 27908 D SearchOrchestrator: Starting vector search V2
09-13 14:58:58.674 27866 27908 D SearchOrchestrator: Search from all albums
09-13 14:58:58.675 27866 27908 D SearchOrchestrator: Search completed: found 1 results
09-13 14:58:58.675 27866 27908 D SearchOrchestrator: Candidate 'dog' returned 1 result(s)
09-13 14:58:58.675 27866 27908 D SearchResultViewModel: searchV2 ids: [(606, 0.7753497362136841)]
09-13 14:58:58.680 27866 27908 D SearchResultViewModel: searchV2 photos re-orders: 1
09-13 14:59:08.822 27866 27866 D SearchResultViewModel: onQueryChange: 
09-13 14:59:09.029 27866 27866 D SearchResultViewModel: onQueryChange: a
09-13 14:59:09.033 27866 27866 D SearchResultViewModel: onQueryChange: as
09-13 14:59:09.036 27866 27866 D SearchResultViewModel: onQueryChange: ast
09-13 14:59:09.040 27866 27866 D SearchResultViewModel: onQueryChange: astr
09-13 14:59:09.042 27866 27866 D SearchResultViewModel: onQueryChange: astro
09-13 14:59:09.067 27866 27866 D SearchResultViewModel: onQueryChange: astron
09-13 14:59:09.070 27866 27866 D SearchResultViewModel: onQueryChange: astrona
09-13 14:59:09.073 27866 27866 D SearchResultViewModel: onQueryChange: astronau
09-13 14:59:09.075 27866 27866 D SearchResultViewModel: onQueryChange: astronaut
09-13 14:59:09.276 27866 27908 I SearchOrchestrator: Text search candidates for 'astronaut': Astronaut, astronaut
09-13 14:59:09.276 27866 27908 I EmbeddingService: Encoding text with me.grey.picquery.feature.mobileclip2.TextEncoderMobileCLIPv2
09-13 14:59:09.305 27866 27908 D SearchOrchestrator: Starting vector search V2
09-13 14:59:09.306 27866 27908 D SearchOrchestrator: Search from all albums
09-13 14:59:09.307 27866 27908 D SearchOrchestrator: Search completed: found 1 results
09-13 14:59:09.307 27866 27908 D SearchOrchestrator: Candidate 'Astronaut' returned 1 result(s)
09-13 14:59:09.307 27866 27908 I EmbeddingService: Encoding text with me.grey.picquery.feature.mobileclip2.TextEncoderMobileCLIPv2
09-13 14:59:09.327 27866 27908 D SearchOrchestrator: Starting vector search V2
09-13 14:59:09.327 27866 27908 D SearchOrchestrator: Search from all albums
09-13 14:59:09.328 27866 27908 D SearchOrchestrator: Search completed: found 1 results
09-13 14:59:09.328 27866 27908 D SearchOrchestrator: Candidate 'astronaut' returned 1 result(s)
09-13 14:59:09.329 27866 27908 D SearchResultViewModel: searchV2 ids: [(608, 0.731553852558136)]
09-13 14:59:09.333 27866 27908 D SearchResultViewModel: searchV2 photos re-orders: 1
