09-13 14:56:49.356 27128 27170 D AlbumManager: ALL albums: 1
09-13 14:56:49.384 27128 27168 D AlbumManager: Searchable albums: 0
09-13 14:56:49.384 27128 27168 D AlbumManager: Unsearchable albums: 1
09-13 14:57:11.151 27128 27170 I EmbeddingService: encodePhotoList started with 5 photos using me.grey.picquery.feature.mobileclip2.ImageEncoderMobileCLIPv2
09-13 14:57:11.193 27128 27168 D EmbeddingService: Processing batch: 5
09-13 14:57:11.300 27128 27168 D TFLiteInterpreterSession: Run native XNNPACK with 4 threads
09-13 14:57:11.887 27128 27168 D AlbumManager: Encoded 5/5 photos, cost: 138
09-13 14:57:11.887 27128 27168 D EmbeddingService: Batch cost: 694ms
09-13 14:57:11.887 27128 27168 I EmbeddingService: Encoding completed
09-13 14:57:11.891 27128 27168 I AlbumManager: Encoded 1 album(s) with 5 photos!
09-13 14:57:11.894 27128 27577 D AlbumManager: Searchable albums: 1
09-13 14:57:11.894 27128 27577 D AlbumManager: Unsearchable albums: 0
09-13 14:57:11.898 27128 27168 D AlbumManager: Searchable albums: 1
09-13 14:57:11.898 27128 27168 D AlbumManager: Unsearchable albums: 0
09-13 14:57:11.905 27128 27170 D AlbumManager: Searchable albums: 1
09-13 14:57:11.906 27128 27170 D AlbumManager: Unsearchable albums: 0
09-13 14:57:33.366 27128 27128 D SearchResultViewModel: init!!! SearchViewModel
09-13 14:57:33.398 27128 27128 D SearchResultViewModel: onQueryChange: dog
09-13 14:57:33.735 27128 27691 I SearchOrchestrator: Text search candidates for 'dog': Dog, dog
09-13 14:57:33.736 27128 27691 I EmbeddingService: Encoding text with me.grey.picquery.feature.mobileclip2.TextEncoderMobileCLIPv2
09-13 14:57:34.204 27128 27691 D TFLiteInterpreterSession: Run native XNNPACK with 2 threads
09-13 14:57:34.290 27128 27691 D SearchOrchestrator: Starting vector search V2
09-13 14:57:34.290 27128 27691 D SearchOrchestrator: Search from all albums
09-13 14:57:34.295 27128 27691 D SearchOrchestrator: Search completed: found 1 results
09-13 14:57:34.295 27128 27691 D SearchOrchestrator: Candidate 'Dog' returned 1 result(s)
09-13 14:57:34.295 27128 27691 I EmbeddingService: Encoding text with me.grey.picquery.feature.mobileclip2.TextEncoderMobileCLIPv2
09-13 14:57:34.322 27128 27691 D SearchOrchestrator: Starting vector search V2
09-13 14:57:34.322 27128 27691 D SearchOrchestrator: Search from all albums
09-13 14:57:34.323 27128 27691 D SearchOrchestrator: Search completed: found 1 results
09-13 14:57:34.323 27128 27691 D SearchOrchestrator: Candidate 'dog' returned 1 result(s)
09-13 14:57:34.323 27128 27691 D SearchResultViewModel: searchV2 ids: [(606, 0.7806276082992554)]
09-13 14:57:34.331 27128 27691 D SearchResultViewModel: searchV2 photos re-orders: 1
09-13 14:57:57.889 27128 27128 D SearchResultViewModel: onQueryChange: 
09-13 14:57:58.217 27128 27128 D SearchResultViewModel: onQueryChange: a
09-13 14:57:58.218 27128 27128 D SearchResultViewModel: onQueryChange: as
09-13 14:57:58.218 27128 27128 D SearchResultViewModel: onQueryChange: ast
09-13 14:57:58.220 27128 27128 D SearchResultViewModel: onQueryChange: astr
09-13 14:57:58.223 27128 27128 D SearchResultViewModel: onQueryChange: astro
09-13 14:57:58.225 27128 27128 D SearchResultViewModel: onQueryChange: astron
09-13 14:57:58.228 27128 27128 D SearchResultViewModel: onQueryChange: astrona
09-13 14:57:58.231 27128 27128 D SearchResultViewModel: onQueryChange: astronau
09-13 14:57:58.251 27128 27128 D SearchResultViewModel: onQueryChange: astronaut
09-13 14:57:58.388 27128 27691 I SearchOrchestrator: Text search candidates for 'astronaut': Astronaut, astronaut
09-13 14:57:58.388 27128 27691 I EmbeddingService: Encoding text with me.grey.picquery.feature.mobileclip2.TextEncoderMobileCLIPv2
09-13 14:57:58.433 27128 27691 D SearchOrchestrator: Starting vector search V2
09-13 14:57:58.433 27128 27691 D SearchOrchestrator: Search from all albums
09-13 14:57:58.435 27128 27691 D SearchOrchestrator: Search completed: found 1 results
09-13 14:57:58.435 27128 27691 D SearchOrchestrator: Candidate 'Astronaut' returned 1 result(s)
09-13 14:57:58.435 27128 27691 I EmbeddingService: Encoding text with me.grey.picquery.feature.mobileclip2.TextEncoderMobileCLIPv2
09-13 14:57:58.462 27128 27691 D SearchOrchestrator: Starting vector search V2
09-13 14:57:58.462 27128 27691 D SearchOrchestrator: Search from all albums
09-13 14:57:58.463 27128 27691 D SearchOrchestrator: Search completed: found 1 results
09-13 14:57:58.463 27128 27691 D SearchOrchestrator: Candidate 'astronaut' returned 1 result(s)
09-13 14:57:58.463 27128 27691 D SearchResultViewModel: searchV2 ids: [(608, 0.7294442653656006)]
09-13 14:57:58.468 27128 27691 D SearchResultViewModel: searchV2 photos re-orders: 1
