Picked up JAVA_TOOL_OPTIONS: -Djava.io.tmpdir=F:/github/PicQuery/PicQuery/build/java-tmp
Type-safe project accessors is an incubating feature.
> Task :app:objectboxPrepareBuild UP-TO-DATE
> Task :app:preBuild UP-TO-DATE
> Task :app:preOnnxDebugBuild UP-TO-DATE
> Task :app:generateOnnxDebugBuildConfig UP-TO-DATE
> Task :app:generateOnnxDebugResources UP-TO-DATE
> Task :app:packageOnnxDebugResources UP-TO-DATE
> Task :app:processOnnxDebugNavigationResources UP-TO-DATE
> Task :app:parseOnnxDebugLocalResources UP-TO-DATE
> Task :app:generateOnnxDebugRFile UP-TO-DATE
> Task :app:kspOnnxDebugKotlin UP-TO-DATE
> Task :app:kaptGenerateStubsOnnxDebugKotlin UP-TO-DATE
> Task :app:kaptOnnxDebugKotlin UP-TO-DATE
> Task :app:compileOnnxDebugKotlin UP-TO-DATE
> Task :app:javaPreCompileOnnxDebug UP-TO-DATE
> Task :app:compileOnnxDebugJavaWithJavac UP-TO-DATE
> Task :app:checkOnnxDebugAarMetadata UP-TO-DATE
> Task :app:mapOnnxDebugSourceSetPaths UP-TO-DATE
> Task :app:compileOnnxDebugNavigationResources UP-TO-DATE
> Task :app:mergeOnnxDebugResources UP-TO-DATE
> Task :app:createOnnxDebugCompatibleScreenManifests UP-TO-DATE
> Task :app:extractDeepLinksOnnxDebug UP-TO-DATE
> Task :app:processOnnxDebugMainManifest UP-TO-DATE
> Task :app:processOnnxDebugManifest UP-TO-DATE
> Task :app:processOnnxDebugManifestForPackage UP-TO-DATE
> Task :app:processOnnxDebugResources UP-TO-DATE
> Task :app:transformOnnxDebugClassesWithAsm UP-TO-DATE
> Task :app:bundleOnnxDebugClassesToRuntimeJar UP-TO-DATE
> Task :app:bundleOnnxDebugClassesToCompileJar UP-TO-DATE
> Task :app:preOnnxDebugUnitTestBuild UP-TO-DATE
> Task :app:javaPreCompileOnnxDebugUnitTest UP-TO-DATE
> Task :app:processOnnxDebugJavaRes UP-TO-DATE
> Task :app:kspOnnxDebugUnitTestKotlin
> Task :app:kaptGenerateStubsOnnxDebugUnitTestKotlin
> Task :app:kaptOnnxDebugUnitTestKotlin SKIPPED
> Task :app:compileOnnxDebugUnitTestKotlin
> Task :app:compileOnnxDebugUnitTestJavaWithJavac NO-SOURCE
> Task :app:processOnnxDebugUnitTestJavaRes UP-TO-DATE

> Task :app:testOnnxDebugUnitTest FAILED

Picked up JAVA_TOOL_OPTIONS: -Djava.io.tmpdir=F:/github/PicQuery/PicQuery/build/java-tmp
ChineseQueryExpanderTest > preservesDistinctChineseAliasesAndTheirOrderWhenTranslationDuplicatesOne FAILED
    java.lang.AssertionError at ChineseQueryExpanderTest.kt:52

ChineseQueryExpanderTest > deduplicatesEquivalentWhitespaceWithoutRewritingFirstCandidate FAILED
    java.lang.AssertionError at ChineseQueryExpanderTest.kt:40

ChineseQueryExpanderTest > deduplicatesCaseVariantsAndKeepsFirstSpelling FAILED
    java.lang.AssertionError at ChineseQueryExpanderTest.kt:29


8 tests completed, 4 failed
ChineseQueryExpanderTest > preservesAliasPriorityWhenTranslationDiffersOnlyInCase FAILED
    java.lang.AssertionError at ChineseQueryExpanderTest.kt:45

[Incubating] Problems report is available at: file:///F:/github/PicQuery/PicQuery/build/reports/problems/problems-report.html

FAILURE: Build failed with an exception.

* What went wrong:
Execution failed for task ':app:testOnnxDebugUnitTest'.
> There were failing tests. See the report at: file:///F:/github/PicQuery/PicQuery/app/build/reports/tests/testOnnxDebugUnitTest/index.html

* Try:
> Run with --scan to get full insights from a Build Scan (powered by Develocity).

Deprecated Gradle features were used in this build, making it incompatible with Gradle 10.

You can use '--warning-mode all' to show the individual deprecation warnings and determine if they come from your own scripts or plugins.


For more on this, please refer to https://docs.gradle.org/9.4.1/userguide/command_line_interface.html#sec:command_line_warnings in the Gradle documentation.
BUILD FAILED in 3s
33 actionable tasks: 4 executed, 29 up-to-date
